// Jest Snapshot v1, https://goo.gl/fbAQLP

exports[`<AppStatusBar /> matches snapshot 1`] = `
<View
  style={
    Object {
      "backgroundColor": "#6f79a8",
      "height": 20,
    }
  }
/>
`;
