// Jest Snapshot v1, https://goo.gl/fbAQLP

exports[`<AddDeck /> matches snapshot 1`] = `
<View
  style={
    Object {
      "backgroundColor": "#efefef",
      "flex": 1,
      "paddingBottom": 4,
      "paddingTop": 4,
    }
  }
>
  <View
    onLayout={[Function]}
    style={
      Array [
        Object {
          "alignItems": "center",
          "backgroundColor": "white",
          "borderRadius": 3,
          "flex": 1,
          "flexGrow": 1,
          "justifyContent": "center",
          "marginBottom": 4,
          "marginLeft": 8,
          "marginRight": 8,
          "marginTop": 4,
          "padding": 20,
        },
        Object {
          "paddingBottom": 0,
        },
      ]
    }
  >
    <Text
      style={
        Object {
          "color": "#333333",
          "fontSize": 24,
          "marginLeft": 24,
          "marginRight": 24,
          "textAlign": "center",
        }
      }
    >
      What the title of your new deck?
    </Text>
    <View
      style={
        Object {
          "alignSelf": "stretch",
          "margin": 10,
        }
      }
    >
      <TextInput
        allowFontScaling={true}
        onChangeText={[Function]}
        placeholder="Deck Title (max 55 characters)"
        placeholderTextColor="#6f79a8"
        style={
          Array [
            Object {
              "alignSelf": "stretch",
              "borderBottomColor": "#6f79a8",
              "borderBottomWidth": 2,
              "borderRadius": 3,
              "flexDirection": "row",
              "height": 50,
            },
            Object {
              "padding": 8,
            },
          ]
        }
        underlineColorAndroid="transparent"
        value=""
      />
    </View>
    <View
      accessible={true}
      isTVSelectable={true}
      onResponderGrant={[Function]}
      onResponderMove={[Function]}
      onResponderRelease={[Function]}
      onResponderTerminate={[Function]}
      onResponderTerminationRequest={[Function]}
      onStartShouldSetResponder={[Function]}
      style={
        Object {
          "alignItems": "center",
          "alignSelf": "stretch",
          "borderBottomColor": "#6f79a8",
          "borderBottomWidth": 1,
          "borderRadius": 3,
          "flexDirection": "row",
          "height": 50,
          "justifyContent": "center",
          "marginLeft": 10,
          "marginRight": 10,
          "opacity": 1,
          "padding": 4,
        }
      }
    >
      <Text
        style={
          Object {
            "color": "#d1d9ff",
            "fontSize": 14,
            "fontWeight": "bold",
          }
        }
      >
        CREATE DECK
      </Text>
    </View>
  </View>
</View>
`;
