// Jest Snapshot v1, https://goo.gl/fbAQLP

exports[`<Deck /> matches snapshot 1`] = `
<View
  style={
    Object {
      "backgroundColor": "#efefef",
      "flex": 1,
      "paddingBottom": 4,
      "paddingTop": 4,
    }
  }
>
  <View
    style={
      Object {
        "alignItems": "center",
        "backgroundColor": "white",
        "borderRadius": 4,
        "flex": 1,
        "flexGrow": 1,
        "justifyContent": "center",
        "margin": 8,
        "padding": 8,
      }
    }
  >
    <View
      style={
        Object {
          "marginBottom": 40,
        }
      }
    >
      <Text
        style={
          Object {
            "color": "#333333",
            "fontSize": 26,
            "marginLeft": 24,
            "marginRight": 24,
            "textAlign": "center",
          }
        }
      >
        React
      </Text>
      <Text
        style={
          Object {
            "alignSelf": "center",
            "color": "#8d8d8d",
            "fontSize": 16,
          }
        }
      >
        2
         
         
        cards
      </Text>
    </View>
    <View
      accessible={true}
      isTVSelectable={true}
      onResponderGrant={[Function]}
      onResponderMove={[Function]}
      onResponderRelease={[Function]}
      onResponderTerminate={[Function]}
      onResponderTerminationRequest={[Function]}
      onStartShouldSetResponder={[Function]}
      style={
        Object {
          "alignItems": "center",
          "alignSelf": "stretch",
          "borderBottomColor": "#6f79a8",
          "borderBottomWidth": 1,
          "borderRadius": 3,
          "flexDirection": "row",
          "height": 50,
          "justifyContent": "center",
          "marginLeft": 10,
          "marginRight": 10,
          "opacity": 1,
          "padding": 4,
        }
      }
    >
      <Text
        style={
          Object {
            "color": "#6f79a8",
            "fontSize": 14,
            "fontWeight": "bold",
          }
        }
      >
        ADD CARD
      </Text>
    </View>
    <View
      accessible={true}
      isTVSelectable={true}
      onResponderGrant={[Function]}
      onResponderMove={[Function]}
      onResponderRelease={[Function]}
      onResponderTerminate={[Function]}
      onResponderTerminationRequest={[Function]}
      onStartShouldSetResponder={[Function]}
      style={
        Object {
          "alignItems": "center",
          "alignSelf": "stretch",
          "borderBottomColor": "#6f79a8",
          "borderBottomWidth": 1,
          "borderRadius": 3,
          "flexDirection": "row",
          "height": 50,
          "justifyContent": "center",
          "marginLeft": 10,
          "marginRight": 10,
          "opacity": 1,
          "padding": 4,
        }
      }
    >
      <Text
        style={
          Object {
            "color": "#6f79a8",
            "fontSize": 14,
            "fontWeight": "bold",
          }
        }
      >
        START QUIZ
      </Text>
    </View>
  </View>
</View>
`;
